Microchip MPLAB XC8 Compiler V2.10 ()

Linker command line:

-W-3 --edf=C:\Program Files (x86)\Microchip\xc8\v2.10\pic\dat\en_msgs.txt \
  -cs \
  -h+dist/default/production\USART_ECHO_using_Interrupt.X.production.sym \
  --cmf=dist/default/production\USART_ECHO_using_Interrupt.X.production.cmf \
  -z -Q18F4550 -oC:\Users\lucas\AppData\Local\Temp\sesk.2 \
  --defsym=__MPLAB_BUILD=1 \
  -Mdist/default/production/USART_ECHO_using_Interrupt.X.production.map -E1 \
  -ver=XC8 --acfsm=1493 -ASTACK=01A8h-07FFh -pstack=STACK \
  -ACODE=00h-0627Fh,07999h-07FFFh -ACONST=00h-0627Fh,07999h-07FFFh \
  -ASMALLCONST=0800h-08FFhx90,06200h-0627Fh,07999h-079FFh,07A00h-07AFFhx6 \
  -AMEDIUMCONST=0800h-0627Fh,07999h-07FFFh -ACOMRAM=01h-05Fh \
  -AABS1=00h-07FFh -ABIGRAM=01h-07FFh -ARAM=060h-0FFh,0100h-01FFhx7 \
  -ABANK0=060h-0FFh -ABANK1=0100h-01FFh -ABANK2=0200h-02FFh \
  -ABANK3=0300h-03FFh -ABANK4=0400h-04FFh -ABANK5=0500h-05FFh \
  -ABANK6=0600h-06FFh -ABANK7=0700h-07FFh -ASFR=0F60h-0FFFh \
  -preset_vec=00h,intcode=08h,intcodelo,powerup,init -pramtop=0800h \
  -psmallconst=SMALLCONST -pmediumconst=MEDIUMCONST -pconst=CONST \
  -AFARRAM=00h-00h -ACONFIG=0300000h-030000Dh -pconfig=CONFIG \
  -AIDLOC=0200000h-0200007h -pidloc=IDLOC -AEEDATA=0F00000h-0F000FFh \
  -peeprom_data=EEDATA \
  -prdata=COMRAM,nvrram=COMRAM,nvbit=COMRAM,rbss=COMRAM,rbit=COMRAM \
  -pfarbss=FARRAM,fardata=FARRAM,nvFARRAM=FARRAM \
  -pintsave_regs=BIGRAM,bigbss=BIGRAM,bigdata=BIGRAM -pbss=RAM \
  -pidata=CODE,irdata=CODE,ibigdata=CODE,ifardata=CODE -prparam=COMRAM \
  C:\Users\lucas\AppData\Local\Temp\sesk.o \
  dist/default/production\USART_ECHO_using_Interrupt.X.production.o 

Object code version is 3.11

Machine type is 18F4550

Call graph: (short form)




                Name                               Link     Load   Length Selector   Space Scale
C:\Users\lucas\AppData\Local\Temp\sesk.o
                init                                  E        E        4        4       0
                reset_vec                             0        0        4        0       0
                idloc                            200000   200000        8   200000       0
                config                           300000   300000        E   300000       0
dist/default/production\USART_ECHO_using_Interrupt.X.production.o
                intcode                               8        8        6        4       0
                temp                                 45       45        1        1       1
                smallconst                          800      800       56      400       0
                text66                             4B6E     4B6E       16      42B       0
                text65                             4A70     4A70       30      42B       0
                text64                             4BD0     4BD0        E      42B       0
                text63                             4BC2     4BC2        E      42B       0
                text62                             4BB4     4BB4        E      42B       0
                text61                             4BA6     4BA6        E      42B       0
                text60                             4AA0     4AA0       2E      42B       0
                text59                             4912     4912       3E      42B       0
                text58                             4AF6     4AF6       26      42B       0
                text57                             4A38     4A38       38      42B       0
                text56                             4720     4720       52      42B       0
                text55                             2EFA     2EFA      1F8      42B       0
                text54                             42FE     42FE       72      42B       0
                text53                             428C     428C       72      42B       0
                intcode_body                       3AF2     3AF2       FA      42B       0
                text51                             4B84     4B84       14      42B       0
                text50                             4772     4772       4C      42B       0
                text49                             4B3A     4B3A       1E      42B       0
                text48                             48D4     48D4       3E      42B       0
                text47                             38EC     38EC      106      42B       0
                text46                             30F2     30F2      1B8      42B       0
                text45                             3F1E     3F1E       C4      42B       0
                text44                             195A     195A      4C2      42B       0
                text43                             2248     2248      39C      42B       0
                text42                             37E4     37E4      108      42B       0
                text41                             41E8     41E8       A4      42B       0
                text40                             4B98     4B98        E      42B       0
                text39                             4ACE     4ACE       28      42B       0
                text38                             49FE     49FE       3A      42B       0
                text37                             46CC     46CC       54      42B       0
                text36                             2CF4     2CF4      206      42B       0
                text35                             4500     4500       60      42B       0
                text34                             4370     4370       6C      42B       0
                text33                             36C4     36C4      120      42B       0
                text32                             4B58     4B58       16      42B       0
                text31                             4B1C     4B1C       1E      42B       0
                text30                             44A0     44A0       60      42B       0
                text29                             484E     484E       44      42B       0
                text28                             32AA     32AA      18A      42B       0
                text27                             3434     3434      166      42B       0
                text26                             4892     4892       42      42B       0
                text25                             4BE4     4BE4        2      42B       0
                text24                             3CC4     3CC4       CC      42B       0
                text23                             4806     4806       48      42B       0
                text22                             49C4     49C4       3A      42B       0
                text21                             3D90     3D90       C8      42B       0
                text20                             25E4     25E4      2E4      42B       0
                text19                             3E58     3E58       C6      42B       0
                text18                             3FE2     3FE2       B2      42B       0
                text17                             4094     4094       AC      42B       0
                text16                             1E1C     1E1C      42C      42B       0
                text15                             498A     498A       3A      42B       0
                text14                             47BE     47BE       48      42B       0
                text13                             39F2     39F2      100      42B       0
                text12                             2ADE     2ADE      216      42B       0
                text11                             45BE     45BE       5E      42B       0
                text10                             4950     4950       3A      42B       0
                text9                              443E     443E       62      42B       0
                text8                               856      856      BBE      42B       0
                text7                              3BEC     3BEC       D8      42B       0
                text6                              1414     1414      546      42B       0
                text5                              43DC     43DC       62      42B       0
                text4                              4678     4678       54      42B       0
                text3                              28C8     28C8      216      42B       0
                text2                              4140     4140       A8      42B       0
                text1                              359A     359A      12A      42B       0
                text0                              461C     461C       5C      42B       0
                cstackCOMRAM                          1        1       24        1       1
                cstackBANK0                          60       60       9F       60       1
                cstackBANK1                         176      176       2E      100       1
                dataBANK1                           1A4      1A4        4      100       1
                bssBANK1                            100      100       76      100       1
                dataCOMRAM                           43       43        2        1       1
                bssCOMRAM                            25       25       1E        1       1
                cinit                              4560     4560       5E      42B       0
                idataBANK1                         4BDE     4BDE        4      42B       0
                idataCOMRAM                        4BE2     4BE2        2      42B       0

TOTAL           Name                               Link     Load   Length     Space
        CLASS   STACK          

        CLASS   CODE           
                intcode                               8        8        6         0
                init                                  E        E        4         0
                reset_vec                             0        0        4         0
                text66                             4B6E     4B6E       16         0
                text65                             4A70     4A70       30         0
                text64                             4BD0     4BD0        E         0
                text63                             4BC2     4BC2        E         0
                text62                             4BB4     4BB4        E         0
                text61                             4BA6     4BA6        E         0
                text60                             4AA0     4AA0       2E         0
                text59                             4912     4912       3E         0
                text58                             4AF6     4AF6       26         0
                text57                             4A38     4A38       38         0
                text56                             4720     4720       52         0
                text55                             2EFA     2EFA      1F8         0
                text54                             42FE     42FE       72         0
                text53                             428C     428C       72         0
                intcode_body                       3AF2     3AF2       FA         0
                text51                             4B84     4B84       14         0
                text50                             4772     4772       4C         0
                text49                             4B3A     4B3A       1E         0
                text48                             48D4     48D4       3E         0
                text47                             38EC     38EC      106         0
                text46                             30F2     30F2      1B8         0
                text45                             3F1E     3F1E       C4         0
                text44                             195A     195A      4C2         0
                text43                             2248     2248      39C         0
                text42                             37E4     37E4      108         0
                text41                             41E8     41E8       A4         0
                text40                             4B98     4B98        E         0
                text39                             4ACE     4ACE       28         0
                text38                             49FE     49FE       3A         0
                text37                             46CC     46CC       54         0
                text36                             2CF4     2CF4      206         0
                text35                             4500     4500       60         0
                text34                             4370     4370       6C         0
                text33                             36C4     36C4      120         0
                text32                             4B58     4B58       16         0
                text31                             4B1C     4B1C       1E         0
                text30                             44A0     44A0       60         0
                text29                             484E     484E       44         0
                text28                             32AA     32AA      18A         0
                text27                             3434     3434      166         0
                text26                             4892     4892       42         0
                text25                             4BE4     4BE4        2         0
                text24                             3CC4     3CC4       CC         0
                text23                             4806     4806       48         0
                text22                             49C4     49C4       3A         0
                text21                             3D90     3D90       C8         0
                text20                             25E4     25E4      2E4         0
                text19                             3E58     3E58       C6         0
                text18                             3FE2     3FE2       B2         0
                text17                             4094     4094       AC         0
                text16                             1E1C     1E1C      42C         0
                text15                             498A     498A       3A         0
                text14                             47BE     47BE       48         0
                text13                             39F2     39F2      100         0
                text12                             2ADE     2ADE      216         0
                text11                             45BE     45BE       5E         0
                text10                             4950     4950       3A         0
                text9                              443E     443E       62         0
                text8                               856      856      BBE         0
                text7                              3BEC     3BEC       D8         0
                text6                              1414     1414      546         0
                text5                              43DC     43DC       62         0
                text4                              4678     4678       54         0
                text3                              28C8     28C8      216         0
                text2                              4140     4140       A8         0
                text1                              359A     359A      12A         0
                text0                              461C     461C       5C         0
                cinit                              4560     4560       5E         0
                idataBANK1                         4BDE     4BDE        4         0
                idataCOMRAM                        4BE2     4BE2        2         0

        CLASS   CONST          

        CLASS   SMALLCONST     
                smallconst                          800      800       56         0

        CLASS   MEDIUMCONST    

        CLASS   COMRAM         
                temp                                 45       45        1         1
                cstackCOMRAM                          1        1       24         1
                dataCOMRAM                           43       43        2         1
                bssCOMRAM                            25       25       1E         1

        CLASS   ABS1           

        CLASS   BIGRAM         

        CLASS   RAM            

        CLASS   BANK0          
                cstackBANK0                          60       60       9F         1

        CLASS   BANK1          
                cstackBANK1                         176      176       2E         1
                dataBANK1                           1A4      1A4        4         1
                bssBANK1                            100      100       76         1

        CLASS   BANK2          

        CLASS   BANK3          

        CLASS   BANK4          

        CLASS   BANK5          

        CLASS   BANK6          

        CLASS   BANK7          

        CLASS   SFR            

        CLASS   FARRAM         

        CLASS   CONFIG         
                config                           300000   300000        E         0

        CLASS   IDLOC          
                idloc                            200000   200000        8         0

        CLASS   EEDATA         



SEGMENTS        Name                           Load    Length   Top    Selector   Space  Class

                reset_vec                      000000  000004  000004         0       0  CODE    
                cstackCOMRAM                   000001  000045  000046         1       1  COMRAM  
                intcode                        000008  00000A  000012         4       0  CODE    
                cstackBANK0                    000060  00009F  0000FF        60       1  BANK0   
                bssBANK1                       000100  0000A8  0001A8       100       1  BANK1   
                smallconst                     000800  000056  000856       400       0  SMALLCON
                text8                          000856  004390  004BE6       42B       0  CODE    
                idloc                          200000  000008  200008    200000       0  IDLOC   
                config                         300000  00000E  30000E    300000       0  CONFIG  


UNUSED ADDRESS RANGES

        Name                Unused          Largest block    Delta
        BANK0            0000FF-0000FF                1
        BANK1            0001A8-0001FF               58
        BANK2            000200-0002FF              100
        BANK3            000300-0003FF              100
        BANK4            000400-0004FF              100
        BANK5            000500-0005FF              100
        BANK6            000600-0006FF              100
        BANK7            000700-0007FF              100
        BIGRAM           000046-00005F               1A
                         0000FF-0000FF                1
                         0001A8-0007FF              658
        CODE             000004-000007                4
                         000012-0007FF              7EE
                         004BE6-00627F             169A
                         007999-007FFF              667
        COMRAM           000046-00005F               1A
        CONST            000004-000007                4
                         000012-0007FF              7EE
                         004BE6-00627F             169A
                         007999-007FFF              667
        EEDATA           F00000-F000FF              100
        MEDIUMCONST      004BE6-00627F             169A
                         007999-007FFF              667
        RAM              0000FF-0000FF                1
                         0001A8-0007FF              100
        SFR              000F60-000FFF               A0
        SMALLCONST       004BE6-00627F              100
                         007999-007FFF              100
        STACK            0001A8-0007FF              658

                                  Symbol Table

?_ADC_Read                   cstackBANK0  000060
?___aodiv                    cstackBANK0  000060
?___aomod                    cstackBANK0  000060
?___awdiv                    cstackBANK0  000060
?___awmod                    cstackBANK0  000060
?___fladd                    cstackBANK0  00008F
?___fldiv                    cstackBANK0  000076
?___flmul                    cstackBANK0  000076
?___flneg                    cstackBANK0  000060
?___flsub                    cstackBANK0  00009F
?___fltol                    cstackBANK0  000060
?___fpclassifyf              cstackBANK0  000060
?___wmul                     cstackBANK0  000060
?___xxtofl                   cstackBANK0  000068
?_abs                        cstackBANK0  000072
?_atoi                       cstackBANK0  000067
?_dtoa                       cstackBANK0  00007B
?_efgtoa                     cstackBANK0  0000AB
?_floorf                     cstackBANK0  00008F
?_isdigit                    cstackBANK0  000060
?_isspace                    cstackBANK0  000060
?_isupper                    cstackBANK0  000060
?_pad                        cstackBANK0  000070
?_sprintf                    cstackBANK1  00018C
?_strlen                     cstackBANK0  000060
?_strncmp                    cstackBANK0  000060
?_tolower                    cstackBANK0  000066
?_vfpfcnvrt                  cstackBANK0  0000EF
?_vfprintf                   cstackBANK0  0000F9
?i2___wmul                   cstackCOMRAM 000001
?i2_atoi                     cstackCOMRAM 000008
?i2_isdigit                  cstackCOMRAM 000001
?i2_isspace                  cstackCOMRAM 000001
ADC_Read@channel             cstackBANK0  000060
ADC_Read@digital             cstackBANK0  000066
EEPROM_Read@address          cstackBANK0  000060
EEPROM_Write@address         cstackCOMRAM 000001
EEPROM_Write@data            cstackCOMRAM 000003
EEPROM_WriteString@address   cstackCOMRAM 000004
EEPROM_WriteString@data      cstackCOMRAM 000006
ISR1@res                     cstackCOMRAM 000024
LCD_Char@dat                 cstackBANK0  000066
LCD_Command@cmd              cstackBANK0  000066
LCD_String@msg               cstackBANK0  000067
LCD_String_xy@location       cstackBANK0  00006D
LCD_String_xy@msg            cstackBANK0  00006A
LCD_String_xy@pos            cstackBANK0  000069
LCD_String_xy@row            cstackBANK0  00006C
MSdelay@i                    cstackBANK0  000062
MSdelay@j                    cstackBANK0  000064
MSdelay@val                  cstackBANK0  000060
USART_Init@baud_rate         cstackBANK0  00009F
USART_Init@temp              cstackBANK0  0000A1
USART_SendString@out         cstackCOMRAM 000002
USART_TxChar@out             cstackCOMRAM 000001
_ADCON0                      (abs)        000FC2
_ADCON0bits                  (abs)        000FC2
_ADCON1                      (abs)        000FC1
_ADCON2                      (abs)        000FC0
_ADC_Init                    text51       004B84
_ADC_Read                    text2        004140
_ADON                        (abs)        007E10
_ADRESH                      (abs)        000FC4
_ADRESL                      (abs)        000FC3
_EEADR                       (abs)        000FA9
_EECON1bits                  (abs)        000FA6
_EECON2                      (abs)        000FA7
_EEDATA                      (abs)        000FA8
_EEPROM_Read                 text40       004B98
_EEPROM_Write                text60       004AA0
_EEPROM_WriteString          text59       004912
_GO                          (abs)        007E11
_INTCONbits                  (abs)        000FF2
_ISR1                        intcode      000008
_LATB                        (abs)        000F8A
_LATD0                       (abs)        007C60
_LATD1                       (abs)        007C61
_LCD_Char                    text31       004B1C
_LCD_Clear                   text32       004B58
_LCD_Command                 text49       004B3A
_LCD_Init                    text48       0048D4
_LCD_String                  text30       0044A0
_LCD_String_xy               text29       00484E
_MSdelay                     text50       004772
_OSCCON                      (abs)        000FD3
_PIE1bits                    (abs)        000F9D
_PIR2bits                    (abs)        000FA1
_PORTAbits                   (abs)        000F80
_RCIF                        (abs)        007CF5
_RCREG                       (abs)        000FAE
_RCSTA                       (abs)        000FAB
_SPBRG                       (abs)        000FAF
_TRISA                       (abs)        000F92
_TRISAbits                   (abs)        000F92
_TRISB                       (abs)        000F93
_TRISC6                      (abs)        007CA6
_TRISC7                      (abs)        007CA7
_TRISD                       (abs)        000F95
_TXIF                        (abs)        007CF4
_TXREG                       (abs)        000FAD
_TXSTA                       (abs)        000FAC
_TempExtAtiv                 dataBANK1    0001A4
_TempExteAtivacao            bssBANK1     000162
_TempExterna                 bssBANK1     00016C
_TempExternaAtual            bssBANK1     000100
_TempExternaMinima           text45       003F1E
_TempIdealInt                dataBANK1    0001A6
_TempInterna                 bssCOMRAM    000039
_TempInternaAtual            bssBANK1     000104
_TempInternaIdeal            bssBANK1     000158
_USART_Init                  text41       0041E8
_USART_SendString            text65       004A70
_USART_TxChar                text66       004B6E
__CFG_BOR$ON                 (abs)        000000
__CFG_BORV$3                 (abs)        000000
__CFG_CCP2MX$ON              (abs)        000000
__CFG_CP0$OFF                (abs)        000000
__CFG_CP1$OFF                (abs)        000000
__CFG_CP2$OFF                (abs)        000000
__CFG_CP3$OFF                (abs)        000000
__CFG_CPB$OFF                (abs)        000000
__CFG_CPD$OFF                (abs)        000000
__CFG_CPUDIV$OSC1_PLL2       (abs)        000000
__CFG_EBTR0$OFF              (abs)        000000
__CFG_EBTR1$OFF              (abs)        000000
__CFG_EBTR2$OFF              (abs)        000000
__CFG_EBTR3$OFF              (abs)        000000
__CFG_EBTRB$OFF              (abs)        000000
__CFG_FCMEN$OFF              (abs)        000000
__CFG_FOSC$INTOSC_EC         (abs)        000000
__CFG_ICPRT$OFF              (abs)        000000
__CFG_IESO$OFF               (abs)        000000
__CFG_LPT1OSC$OFF            (abs)        000000
__CFG_LVP$ON                 (abs)        000000
__CFG_MCLRE$OFF              (abs)        000000
__CFG_PBADEN$ON              (abs)        000000
__CFG_PLLDIV$1               (abs)        000000
__CFG_PWRT$OFF               (abs)        000000
__CFG_STVREN$ON              (abs)        000000
__CFG_USBDIV$1               (abs)        000000
__CFG_VREGEN$OFF             (abs)        000000
__CFG_WDT$OFF                (abs)        000000
__CFG_WDTPS$32768            (abs)        000000
__CFG_WRT0$OFF               (abs)        000000
__CFG_WRT1$OFF               (abs)        000000
__CFG_WRT2$OFF               (abs)        000000
__CFG_WRT3$OFF               (abs)        000000
__CFG_WRTB$OFF               (abs)        000000
__CFG_WRTC$OFF               (abs)        000000
__CFG_WRTD$OFF               (abs)        000000
__CFG_XINST$OFF              (abs)        000000
__HRAM                       (abs)        000000
__Habs1                      abs1         000000
__Hbank0                     bank0        000000
__Hbank1                     bank1        000000
__Hbank2                     bank2        000000
__Hbank3                     bank3        000000
__Hbank4                     bank4        000000
__Hbank5                     bank5        000000
__Hbank6                     bank6        000000
__Hbank7                     bank7        000000
__Hbigbss                    bigbss       000000
__Hbigdata                   bigdata      000000
__Hbigram                    bigram       000000
__Hbss                       bss          000000
__HbssBANK1                  bssBANK1     000000
__HbssCOMRAM                 bssCOMRAM    000000
__Hcinit                     cinit        000000
__Hclrtext                   clrtext      000000
__Hcomram                    comram       000000
__Hconfig                    config       30000E
__Hconst                     const        000000
__HcstackBANK0               cstackBANK0  000000
__HcstackBANK1               cstackBANK1  000000
__HcstackCOMRAM              cstackCOMRAM 000000
__Hdata                      data         000000
__HdataBANK1                 dataBANK1    000000
__HdataCOMRAM                dataCOMRAM   000000
__Heeprom_data               eeprom_data  000000
__Hfarbss                    farbss       000000
__Hfardata                   fardata      000000
__Hibigdata                  ibigdata     000000
__Hidata                     idata        000000
__HidataBANK1                idataBANK1   000000
__HidataCOMRAM               idataCOMRAM  000000
__Hidloc                     idloc        200008
__Hifardata                  ifardata     000000
__Hinit                      init         000012
__Hintcode                   intcode      00000E
__Hintcode_body              intcode_body 000000
__Hintcodelo                 intcodelo    00000E
__Hintentry                  intentry     000000
__Hintret                    intret       000000
__Hintsave_regs              intsave_regs 000000
__Hirdata                    irdata       000000
__Hmediumconst               mediumconst  000000
__HnvFARRAM                  nvFARRAM     000000
__Hnvbit                     nvbit        000000
__Hnvrram                    nvrram       000000
__Hparam                     rparam       000000
__Hpowerup                   powerup      00000E
__Hram                       ram          000000
__Hramtop                    ramtop       000800
__Hrbit                      rbit         000000
__Hrbss                      rbss         000000
__Hrdata                     rdata        000000
__Hreset_vec                 reset_vec    000004
__Hrparam                    rparam       000000
__Hsfr                       sfr          000000
__Hsmallconst                smallconst   000856
__Hspace_0                   (abs)        30000E
__Hspace_1                   (abs)        0001A8
__Hspace_2                   (abs)        000000
__Hstack                     stack        000000
__Hstruct                    struct       000000
__Htemp                      temp         000046
__Htext                      text         000000
__Htext0                     text0        000000
__Htext1                     text1        000000
__Htext10                    text10       000000
__Htext11                    text11       000000
__Htext12                    text12       000000
__Htext13                    text13       000000
__Htext14                    text14       000000
__Htext15                    text15       000000
__Htext16                    text16       000000
__Htext17                    text17       000000
__Htext18                    text18       000000
__Htext19                    text19       000000
__Htext2                     text2        000000
__Htext20                    text20       000000
__Htext21                    text21       000000
__Htext22                    text22       000000
__Htext23                    text23       000000
__Htext24                    text24       000000
__Htext25                    text25       000000
__Htext26                    text26       000000
__Htext27                    text27       000000
__Htext28                    text28       000000
__Htext29                    text29       000000
__Htext3                     text3        000000
__Htext30                    text30       000000
__Htext31                    text31       000000
__Htext32                    text32       000000
__Htext33                    text33       000000
__Htext34                    text34       000000
__Htext35                    text35       000000
__Htext36                    text36       000000
__Htext37                    text37       000000
__Htext38                    text38       000000
__Htext39                    text39       000000
__Htext4                     text4        000000
__Htext40                    text40       000000
__Htext41                    text41       000000
__Htext42                    text42       000000
__Htext43                    text43       000000
__Htext44                    text44       000000
__Htext45                    text45       000000
__Htext46                    text46       000000
__Htext47                    text47       000000
__Htext48                    text48       000000
__Htext49                    text49       000000
__Htext5                     text5        000000
__Htext50                    text50       000000
__Htext51                    text51       000000
__Htext53                    text53       000000
__Htext54                    text54       000000
__Htext55                    text55       000000
__Htext56                    text56       000000
__Htext57                    text57       000000
__Htext58                    text58       000000
__Htext59                    text59       000000
__Htext6                     text6        000000
__Htext60                    text60       000000
__Htext61                    text61       000000
__Htext62                    text62       000000
__Htext63                    text63       000000
__Htext64                    text64       000000
__Htext65                    text65       000000
__Htext66                    text66       000000
__Htext7                     text7        000000
__Htext8                     text8        000000
__Htext9                     text9        000000
__LRAM                       (abs)        000001
__Labs1                      abs1         000000
__Lbank0                     bank0        000000
__Lbank1                     bank1        000000
__Lbank2                     bank2        000000
__Lbank3                     bank3        000000
__Lbank4                     bank4        000000
__Lbank5                     bank5        000000
__Lbank6                     bank6        000000
__Lbank7                     bank7        000000
__Lbigbss                    bigbss       000000
__Lbigdata                   bigdata      000000
__Lbigram                    bigram       000000
__Lbss                       bss          000000
__LbssBANK1                  bssBANK1     000000
__LbssCOMRAM                 bssCOMRAM    000000
__Lcinit                     cinit        000000
__Lclrtext                   clrtext      000000
__Lcomram                    comram       000000
__Lconfig                    config       300000
__Lconst                     const        000000
__LcstackBANK0               cstackBANK0  000000
__LcstackBANK1               cstackBANK1  000000
__LcstackCOMRAM              cstackCOMRAM 000000
__Ldata                      data         000000
__LdataBANK1                 dataBANK1    000000
__LdataCOMRAM                dataCOMRAM   000000
__Leeprom_data               eeprom_data  000000
__Lfarbss                    farbss       000000
__Lfardata                   fardata      000000
__Libigdata                  ibigdata     000000
__Lidata                     idata        000000
__LidataBANK1                idataBANK1   000000
__LidataCOMRAM               idataCOMRAM  000000
__Lidloc                     idloc        200000
__Lifardata                  ifardata     000000
__Linit                      init         00000E
__Lintcode                   intcode      000008
__Lintcode_body              intcode_body 000000
__Lintcodelo                 intcodelo    00000E
__Lintentry                  intentry     000000
__Lintret                    intret       000000
__Lintsave_regs              intsave_regs 000000
__Lirdata                    irdata       000000
__Lmediumconst               mediumconst  000000
__LnvFARRAM                  nvFARRAM     000000
__Lnvbit                     nvbit        000000
__Lnvrram                    nvrram       000000
__Lparam                     rparam       000000
__Lpowerup                   powerup      00000E
__Lram                       ram          000000
__Lramtop                    ramtop       000800
__Lrbit                      rbit         000000
__Lrbss                      rbss         000000
__Lrdata                     rdata        000000
__Lreset_vec                 reset_vec    000000
__Lrparam                    rparam       000000
__Lsfr                       sfr          000000
__Lsmallconst                smallconst   000800
__Lspace_0                   (abs)        000000
__Lspace_1                   (abs)        000000
__Lspace_2                   (abs)        000000
__Lstack                     stack        000000
__Lstruct                    struct       000000
__Ltemp                      temp         000045
__Ltext                      text         000000
__Ltext0                     text0        000000
__Ltext1                     text1        000000
__Ltext10                    text10       000000
__Ltext11                    text11       000000
__Ltext12                    text12       000000
__Ltext13                    text13       000000
__Ltext14                    text14       000000
__Ltext15                    text15       000000
__Ltext16                    text16       000000
__Ltext17                    text17       000000
__Ltext18                    text18       000000
__Ltext19                    text19       000000
__Ltext2                     text2        000000
__Ltext20                    text20       000000
__Ltext21                    text21       000000
__Ltext22                    text22       000000
__Ltext23                    text23       000000
__Ltext24                    text24       000000
__Ltext25                    text25       000000
__Ltext26                    text26       000000
__Ltext27                    text27       000000
__Ltext28                    text28       000000
__Ltext29                    text29       000000
__Ltext3                     text3        000000
__Ltext30                    text30       000000
__Ltext31                    text31       000000
__Ltext32                    text32       000000
__Ltext33                    text33       000000
__Ltext34                    text34       000000
__Ltext35                    text35       000000
__Ltext36                    text36       000000
__Ltext37                    text37       000000
__Ltext38                    text38       000000
__Ltext39                    text39       000000
__Ltext4                     text4        000000
__Ltext40                    text40       000000
__Ltext41                    text41       000000
__Ltext42                    text42       000000
__Ltext43                    text43       000000
__Ltext44                    text44       000000
__Ltext45                    text45       000000
__Ltext46                    text46       000000
__Ltext47                    text47       000000
__Ltext48                    text48       000000
__Ltext49                    text49       000000
__Ltext5                     text5        000000
__Ltext50                    text50       000000
__Ltext51                    text51       000000
__Ltext53                    text53       000000
__Ltext54                    text54       000000
__Ltext55                    text55       000000
__Ltext56                    text56       000000
__Ltext57                    text57       000000
__Ltext58                    text58       000000
__Ltext59                    text59       000000
__Ltext6                     text6        000000
__Ltext60                    text60       000000
__Ltext61                    text61       000000
__Ltext62                    text62       000000
__Ltext63                    text63       000000
__Ltext64                    text64       000000
__Ltext65                    text65       000000
__Ltext66                    text66       000000
__Ltext7                     text7        000000
__Ltext8                     text8        000000
__Ltext9                     text9        000000
__S0                         (abs)        30000E
__S1                         (abs)        0001A8
__S2                         (abs)        000000
___aodiv                     text28       0032AA
___aodiv@counter             cstackBANK0  000070
___aodiv@dividend            cstackBANK0  000060
___aodiv@divisor             cstackBANK0  000068
___aodiv@quotient            cstackBANK0  000072
___aodiv@sign                cstackBANK0  000071
___aomod                     text27       003434
___aomod@counter             cstackBANK0  000070
___aomod@dividend            cstackBANK0  000060
___aomod@divisor             cstackBANK0  000068
___aomod@sign                cstackBANK0  000071
___awdiv                     text19       003E58
___awdiv@counter             cstackBANK0  000064
___awdiv@dividend            cstackBANK0  000060
___awdiv@divisor             cstackBANK0  000062
___awdiv@quotient            cstackBANK0  000066
___awdiv@sign                cstackBANK0  000065
___awmod                     text18       003FE2
___awmod@counter             cstackBANK0  000064
___awmod@dividend            cstackBANK0  000060
___awmod@divisor             cstackBANK0  000062
___awmod@sign                cstackBANK0  000065
___fladd                     text44       00195A
___fladd@a                   cstackBANK0  000093
___fladd@aexp                cstackBANK0  00009C
___fladd@b                   cstackBANK0  00008F
___fladd@bexp                cstackBANK0  00009D
___fladd@grs                 cstackBANK0  00009E
___fladd@signs               cstackBANK0  00009B
___fldiv                     text43       002248
___fldiv@a                   cstackBANK0  00007A
___fldiv@aexp                cstackBANK0  00008E
___fldiv@b                   cstackBANK0  000076
___fldiv@bexp                cstackBANK0  00008D
___fldiv@grs                 cstackBANK0  000089
___fldiv@new_exp             cstackBANK0  000087
___fldiv@rem                 cstackBANK0  000082
___fldiv@sign                cstackBANK0  000086
___fleq                      text17       004094
___fleq@ff1                  cstackBANK0  000060
___fleq@ff2                  cstackBANK0  000064
___flge                      text47       0038EC
___flge@ff1                  cstackBANK0  00009F
___flge@ff2                  cstackBANK0  0000A3
___flmul                     text16       001E1C
___flmul@a                   cstackBANK0  00007A
___flmul@aexp                cstackBANK0  000083
___flmul@b                   cstackBANK0  000076
___flmul@bexp                cstackBANK0  000088
___flmul@grs                 cstackBANK0  000084
___flmul@prod                cstackBANK0  000089
___flmul@sign                cstackBANK0  000082
___flmul@temp                cstackBANK0  00008D
___flneg                     text15       00498A
___flneg@f1                  cstackBANK0  000060
___flsub                     text14       0047BE
___flsub@a                   cstackBANK0  0000A3
___flsub@b                   cstackBANK0  00009F
___fltol                     text42       0037E4
___fltol@exp1                cstackBANK0  000069
___fltol@f1                  cstackBANK0  000060
___fltol@sign1               cstackBANK0  000068
___fpclassifyf               text13       0039F2
___fpclassifyf@F463          bssCOMRAM    000029
___fpclassifyf@e             cstackBANK0  000068
___fpclassifyf@u             cstackBANK0  00006A
___fpclassifyf@x             cstackBANK0  000060
___inthi_sp                  stack        000000
___intlo_sp                  stack        000000
___param_bank                (abs)        000000
___rparam_used               (abs)        000001
___sp                        stack        000000
___wmul                      text39       004ACE
___wmul@multiplicand         cstackBANK0  000062
___wmul@multiplier           cstackBANK0  000060
___wmul@product              cstackBANK0  000064
___xxtofl                    text46       0030F2
___xxtofl@arg                cstackBANK0  000072
___xxtofl@exp                cstackBANK0  000071
___xxtofl@sign               cstackBANK0  000070
___xxtofl@val                cstackBANK0  000068
__accesstop                  (abs)        000060
__activetblptr               (abs)        000002
__end_of_ADC_Init            text51       004B98
__end_of_ADC_Read            text2        0041E8
__end_of_EEPROM_Read         text40       004BA6
__end_of_EEPROM_Write        text60       004ACE
__end_of_EEPROM_WriteString  text59       004950
__end_of_ISR1                intcode_body 003BEC
__end_of_LCD_Char            text31       004B3A
__end_of_LCD_Clear           text32       004B6E
__end_of_LCD_Command         text49       004B58
__end_of_LCD_Init            text48       004912
__end_of_LCD_String          text30       004500
__end_of_LCD_String_xy       text29       004892
__end_of_MSdelay             text50       0047BE
__end_of_TempExternaMinima   text45       003FE2
__end_of_USART_Init          text41       00428C
__end_of_USART_SendString    text65       004AA0
__end_of_USART_TxChar        text66       004B84
__end_of___aodiv             text28       003434
__end_of___aomod             text27       00359A
__end_of___awdiv             text19       003F1E
__end_of___awmod             text18       004094
__end_of___fladd             text44       001E1C
__end_of___fldiv             text43       0025E4
__end_of___fleq              text17       004140
__end_of___flge              text47       0039F2
__end_of___flmul             text16       002248
__end_of___flneg             text15       0049C4
__end_of___flsub             text14       004806
__end_of___fltol             text42       0038EC
__end_of___fpclassifyf       text13       003AF2
__end_of___wmul              text39       004AF6
__end_of___xxtofl            text46       0032AA
__end_of__initialization     cinit        0045B0
__end_of_abs                 text26       0048D4
__end_of_atoi                text36       002EFA
__end_of_carregaTempExterna  text35       004560
__end_of_carregaTempIdeal    text34       0043DC
__end_of_compTemp            text33       0037E4
__end_of_dtoa                text20       0028C8
__end_of_efgtoa              text8        001414
__end_of_escreveLCD          text3        002ADE
__end_of_floorf              text12       002CF4
__end_of_fputc               text24       003D90
__end_of_fputs               text23       00484E
__end_of_isdigit             text38       004A38
__end_of_isspace             text37       004720
__end_of_isupper             text10       00498A
__end_of_letemp              text1        0036C4
__end_of_main                text0        004678
__end_of_mandatempext        text64       004BDE
__end_of_mandatempextativ    text63       004BD0
__end_of_mandatempideal      text62       004BC2
__end_of_mandatempint        text61       004BB4
__end_of_pad                 text21       003E58
__end_of_putch               text25       004BE6
__end_of_setatempexterna     text54       004370
__end_of_setatempinterna     text53       0042FE
__end_of_sprintf             text4        0046CC
__end_of_strcpy              text11       00461C
__end_of_strlen              text22       0049FE
__end_of_strncmp             text7        003CC4
__end_of_tolower             text9        0044A0
__end_of_vfpfcnvrt           text6        00195A
__end_of_vfprintf            text5        00443E
__end_ofi2___wmul            text58       004B1C
__end_ofi2_atoi              text55       0030F2
__end_ofi2_isdigit           text57       004A70
__end_ofi2_isspace           text56       004772
__initialization             cinit        004560
__mediumconst                mediumconst  000000
__pbssBANK1                  bssBANK1     000100
__pbssCOMRAM                 bssCOMRAM    000025
__pcinit                     cinit        004560
__pcstackBANK0               cstackBANK0  000060
__pcstackBANK1               cstackBANK1  000176
__pcstackCOMRAM              cstackCOMRAM 000001
__pdataBANK1                 dataBANK1    0001A4
__pdataCOMRAM                dataCOMRAM   000043
__pidataBANK1                idataBANK1   004BDE
__pidataCOMRAM               idataCOMRAM  004BE2
__pintcode                   intcode      000008
__pintcode_body              intcode_body 003AF2
__psmallconst                smallconst   000800
__ptext0                     text0        00461C
__ptext1                     text1        00359A
__ptext10                    text10       004950
__ptext11                    text11       0045BE
__ptext12                    text12       002ADE
__ptext13                    text13       0039F2
__ptext14                    text14       0047BE
__ptext15                    text15       00498A
__ptext16                    text16       001E1C
__ptext17                    text17       004094
__ptext18                    text18       003FE2
__ptext19                    text19       003E58
__ptext2                     text2        004140
__ptext20                    text20       0025E4
__ptext21                    text21       003D90
__ptext22                    text22       0049C4
__ptext23                    text23       004806
__ptext24                    text24       003CC4
__ptext25                    text25       004BE4
__ptext26                    text26       004892
__ptext27                    text27       003434
__ptext28                    text28       0032AA
__ptext29                    text29       00484E
__ptext3                     text3        0028C8
__ptext30                    text30       0044A0
__ptext31                    text31       004B1C
__ptext32                    text32       004B58
__ptext33                    text33       0036C4
__ptext34                    text34       004370
__ptext35                    text35       004500
__ptext36                    text36       002CF4
__ptext37                    text37       0046CC
__ptext38                    text38       0049FE
__ptext39                    text39       004ACE
__ptext4                     text4        004678
__ptext40                    text40       004B98
__ptext41                    text41       0041E8
__ptext42                    text42       0037E4
__ptext43                    text43       002248
__ptext44                    text44       00195A
__ptext45                    text45       003F1E
__ptext46                    text46       0030F2
__ptext47                    text47       0038EC
__ptext48                    text48       0048D4
__ptext49                    text49       004B3A
__ptext5                     text5        0043DC
__ptext50                    text50       004772
__ptext51                    text51       004B84
__ptext53                    text53       00428C
__ptext54                    text54       0042FE
__ptext55                    text55       002EFA
__ptext56                    text56       004720
__ptext57                    text57       004A38
__ptext58                    text58       004AF6
__ptext59                    text59       004912
__ptext6                     text6        001414
__ptext60                    text60       004AA0
__ptext61                    text61       004BA6
__ptext62                    text62       004BB4
__ptext63                    text63       004BC2
__ptext64                    text64       004BD0
__ptext65                    text65       004A70
__ptext66                    text66       004B6E
__ptext7                     text7        003BEC
__ptext8                     text8        000856
__ptext9                     text9        00443E
__ramtop                     ramtop       000800
__size_of_ADC_Init           (abs)        000000
__size_of_ADC_Read           (abs)        000000
__size_of_EEPROM_Read        (abs)        000000
__size_of_EEPROM_Write       (abs)        000000
__size_of_EEPROM_WriteString (abs)        000000
__size_of_ISR1               (abs)        000000
__size_of_LCD_Char           (abs)        000000
__size_of_LCD_Clear          (abs)        000000
__size_of_LCD_Command        (abs)        000000
__size_of_LCD_Init           (abs)        000000
__size_of_LCD_String         (abs)        000000
__size_of_LCD_String_xy      (abs)        000000
__size_of_MSdelay            (abs)        000000
__size_of_TempExternaMinima  (abs)        000000
__size_of_USART_Init         (abs)        000000
__size_of_USART_SendString   (abs)        000000
__size_of_USART_TxChar       (abs)        000000
__size_of___aodiv            (abs)        000000
__size_of___aomod            (abs)        000000
__size_of___awdiv            (abs)        000000
__size_of___awmod            (abs)        000000
__size_of___fladd            (abs)        000000
__size_of___fldiv            (abs)        000000
__size_of___fleq             (abs)        000000
__size_of___flge             (abs)        000000
__size_of___flmul            (abs)        000000
__size_of___flneg            (abs)        000000
__size_of___flsub            (abs)        000000
__size_of___fltol            (abs)        000000
__size_of___fpclassifyf      (abs)        000000
__size_of___wmul             (abs)        000000
__size_of___xxtofl           (abs)        000000
__size_of_abs                (abs)        000000
__size_of_atoi               (abs)        000000
__size_of_carregaTempExterna (abs)        000000
__size_of_carregaTempIdeal   (abs)        000000
__size_of_compTemp           (abs)        000000
__size_of_dtoa               (abs)        000000
__size_of_efgtoa             (abs)        000000
__size_of_escreveLCD         (abs)        000000
__size_of_floorf             (abs)        000000
__size_of_fputc              (abs)        000000
__size_of_fputs              (abs)        000000
__size_of_isdigit            (abs)        000000
__size_of_isspace            (abs)        000000
__size_of_isupper            (abs)        000000
__size_of_letemp             (abs)        000000
__size_of_main               (abs)        000000
__size_of_mandatempext       (abs)        000000
__size_of_mandatempextativ   (abs)        000000
__size_of_mandatempideal     (abs)        000000
__size_of_mandatempint       (abs)        000000
__size_of_pad                (abs)        000000
__size_of_putch              (abs)        000000
__size_of_setatempexterna    (abs)        000000
__size_of_setatempinterna    (abs)        000000
__size_of_sprintf            (abs)        000000
__size_of_strcpy             (abs)        000000
__size_of_strlen             (abs)        000000
__size_of_strncmp            (abs)        000000
__size_of_tolower            (abs)        000000
__size_of_vfpfcnvrt          (abs)        000000
__size_of_vfprintf           (abs)        000000
__size_ofi2___wmul           (abs)        000000
__size_ofi2_atoi             (abs)        000000
__size_ofi2_isdigit          (abs)        000000
__size_ofi2_isspace          (abs)        000000
__smallconst                 smallconst   000800
_abs                         text26       004892
_atoi                        text36       002CF4
_atoi$1264                   cstackBANK0  00006F
_atoi$1265                   cstackBANK0  000073
_atoi$1266                   cstackBANK0  000071
_carregaTempExterna          text35       004500
_carregaTempIdeal            text34       004370
_compTemp                    text33       0036C4
_dbuf                        bssBANK1     000108
_dtoa                        text20       0025E4
_dtoa$737                    cstackBANK0  00008D
_efgtoa                      text8        000856
_efgtoa$761                  cstackBANK0  0000BB
_efgtoa$762                  cstackBANK0  0000BD
_efgtoa$766                  cstackBANK0  0000BF
_efgtoa$770                  cstackBANK0  0000C1
_efgtoa$771                  cstackBANK0  0000C3
_efgtoa$772                  cstackBANK0  0000C5
_escreveLCD                  text3        0028C8
_flags                       bssCOMRAM    000033
_floorf                      text12       002ADE
_fputc                       text24       003CC4
_fputs                       text23       004806
_isdigit                     text38       0049FE
_isspace                     text37       0046CC
_isspace$1295                cstackBANK0  000066
_isupper                     text10       004950
_letemp                      text1        00359A
_liberado                    bssCOMRAM    000035
_ligado                      bssCOMRAM    000037
_main                        text0        00461C
_mandatempext                text64       004BD0
_mandatempextativ            text63       004BC2
_mandatempideal              text62       004BB4
_mandatempint                text61       004BA6
_nout                        bssCOMRAM    00002D
_pad                         text21       003D90
_power                       dataCOMRAM   000043
_prec                        bssCOMRAM    000031
_putch                       text25       004BE4
_setatempexterna             text54       0042FE
_setatempinterna             text53       00428C
_sprintf                     text4        004678
_strcpy                      text11       0045BE
_strlen                      text22       0049C4
_strncmp                     text7        003BEC
_tolower                     text9        00443E
_tolower$1380                cstackBANK0  00006C
_vfpfcnvrt                   text6        001414
_vfpfcnvrt$786               cstackBANK1  00017E
_vfpfcnvrt$791               cstackBANK1  000180
_vfprintf                    text5        0043DC
_width                       bssCOMRAM    00002F
abs@a                        cstackBANK0  000072
atoi@n                       cstackBANK0  000074
atoi@neg                     cstackBANK0  00006D
atoi@s                       cstackBANK0  000067
btemp                        temp         000045
carregaTempExterna@externa   cstackBANK0  000076
carregaTempExterna@i         cstackBANK0  000079
carregaTempIdeal@adress      cstackBANK0  000076
carregaTempIdeal@i           cstackBANK0  00007B
carregaTempIdeal@ideal       cstackBANK0  000078
dtoa@d                       cstackBANK0  00007D
dtoa@fp                      cstackBANK0  00007B
dtoa@i                       cstackBANK0  00009D
dtoa@n                       cstackBANK0  000095
dtoa@p                       cstackBANK0  00008F
dtoa@s                       cstackBANK0  000093
dtoa@w                       cstackBANK0  000091
efgtoa@c                     cstackBANK0  0000B1
efgtoa@d                     cstackBANK0  0000CF
efgtoa@e                     cstackBANK0  0000E7
efgtoa@f                     cstackBANK0  0000AD
efgtoa@fp                    cstackBANK0  0000AB
efgtoa@g                     cstackBANK0  0000E3
efgtoa@h                     cstackBANK0  0000D9
efgtoa@i                     cstackBANK0  0000E1
efgtoa@l                     cstackBANK0  0000DD
efgtoa@m                     cstackBANK0  0000CB
efgtoa@mode                  cstackBANK0  0000D8
efgtoa@n                     cstackBANK0  0000E9
efgtoa@ne                    cstackBANK0  0000CD
efgtoa@nmode                 cstackBANK0  0000D5
efgtoa@ou                    cstackBANK0  0000B7
efgtoa@p                     cstackBANK0  0000D3
efgtoa@pp                    cstackBANK0  0000C9
efgtoa@sign                  cstackBANK0  0000D1
efgtoa@t                     cstackBANK0  0000C7
efgtoa@u                     cstackBANK0  0000EB
efgtoa@w                     cstackBANK0  0000D6
end_of_initialization        cinit        0045B0
escreveLCD@i                 cstackBANK1  0001A0
escreveLCD@i_348             cstackBANK1  0001A2
floorf@F524                  bssCOMRAM    000025
floorf@e                     cstackBANK0  00009D
floorf@m                     cstackBANK0  000099
floorf@u                     cstackBANK0  00009F
floorf@x                     cstackBANK0  00008F
fputc@c                      cstackBANK0  000060
fputc@fp                     cstackBANK0  000062
fputs@c                      cstackBANK0  00006D
fputs@fp                     cstackBANK0  00006B
fputs@i                      cstackBANK0  00006E
fputs@s                      cstackBANK0  000069
i2___wmul                    text58       004AF6
i2___wmul@multiplicand       cstackCOMRAM 000003
i2___wmul@multiplier         cstackCOMRAM 000001
i2___wmul@product            cstackCOMRAM 000005
i2_atoi                      text55       002EFA
i2_atoi$1264                 cstackCOMRAM 000010
i2_atoi$1265                 cstackCOMRAM 000014
i2_atoi$1266                 cstackCOMRAM 000012
i2_isdigit                   text57       004A38
i2_isspace                   text56       004720
i2_isspace$1295              cstackCOMRAM 000007
i2atoi@n                     cstackCOMRAM 000015
i2atoi@neg                   cstackCOMRAM 00000E
i2atoi@s                     cstackCOMRAM 000008
i2isdigit@c                  cstackCOMRAM 000001
i2isspace@c                  cstackCOMRAM 000001
int$flags                    temp         000045
int_func                     intcode_body 003AF2
intlevel0                    text         000000
intlevel1                    text         000000
intlevel2                    text         000000
intlevel3                    text         000000
isdigit@c                    cstackBANK0  000060
isspace@c                    cstackBANK0  000060
isupper@c                    cstackBANK0  000060
pad@buf                      cstackBANK0  000072
pad@fp                       cstackBANK0  000070
pad@i                        cstackBANK0  000077
pad@p                        cstackBANK0  000074
pad@w                        cstackBANK0  000079
setatempexterna@valor        cstackCOMRAM 000017
setatempinterna@valor        cstackCOMRAM 000017
sprintf@ap                   cstackBANK1  000198
sprintf@f                    cstackBANK1  00019A
sprintf@fmt                  cstackBANK1  00018E
sprintf@s                    cstackBANK1  00018C
stackhi                      (abs)        0007FF
stacklo                      (abs)        0001A8
start                        init         00000E
start_initialization         cinit        004560
strcpy@d                     cstackBANK0  000068
strcpy@dest                  cstackBANK0  000060
strcpy@s                     cstackBANK0  000066
strcpy@src                   cstackBANK0  000062
strlen@a                     cstackBANK0  000062
strlen@s                     cstackBANK0  000060
strncmp@_l                   cstackBANK0  000060
strncmp@_r                   cstackBANK0  000062
strncmp@l                    cstackBANK0  000067
strncmp@n                    cstackBANK0  000064
strncmp@r                    cstackBANK0  000069
tolower@c                    cstackBANK0  000066
ttemp5                       temp         000046
ttemp6                       temp         000049
ttemp7                       temp         00004D
vfpfcnvrt@ap                 cstackBANK0  0000F3
vfpfcnvrt@c                  cstackBANK1  000189
vfpfcnvrt@ct                 cstackBANK1  000186
vfpfcnvrt@f                  cstackBANK1  000182
vfpfcnvrt@fmt                cstackBANK0  0000F1
vfpfcnvrt@fp                 cstackBANK0  0000EF
vfpfcnvrt@ll                 cstackBANK1  000176
vfprintf@ap                  cstackBANK0  0000FD
vfprintf@cfmt                cstackBANK1  00018A
vfprintf@fmt                 cstackBANK0  0000FB
vfprintf@fp                  cstackBANK0  0000F9
wtemp8                       temp         000046


FUNCTION INFORMATION:

 *************** function _main *****************
 Defined at:
		line 40 in file "Proj_Principal.c"
 Parameters:    Size  Location     Type
		None
 Auto vars:     Size  Location     Type
		None
 Return value:  Size  Location     Type
                  1    wreg      void 
 Registers used:
		wreg, fsr1l, fsr1h, fsr2l, fsr2h, status,2, status,0, tblptrl, tblptrh, tblptru, prodl, prodh, cstack
 Tracked objects:
		On entry : 
		On exit  : 
		Unchanged: 
 Data sizes:     COMRAM   BANK0   BANK1   BANK2   BANK3   BANK4   BANK5   BANK6   BANK7
      Params:         0       0       0       0       0       0       0       0       0
      Locals:         0       0       0       0       0       0       0       0       0
      Temps:          0       0       0       0       0       0       0       0       0
      Totals:         0       0       0       0       0       0       0       0       0
Total ram usage:        0 bytes
 Hardware stack levels required when called:   13
 This function calls:
		_ADC_Init
		_LCD_Init
		_MSdelay
		_TempExternaMinima
		_USART_Init
		_carregaTempExterna
		_carregaTempIdeal
		_compTemp
		_escreveLCD
		_letemp
 This function is called by:
		Startup code after reset
 This function uses a non-reentrant model


 *************** function _letemp *****************
 Defined at:
		line 158 in file "Proj_Principal.c"
 Parameters:    Size  Location     Type
		None
 Auto vars:     Size  Location     Type
		None
 Return value:  Size  Location     Type
                  1    wreg      void 
 Registers used:
		wreg, status,2, status,0, prodl, prodh, cstack
 Tracked objects:
		On entry : 
		On exit  : 
		Unchanged: 
 Data sizes:     COMRAM   BANK0   BANK1   BANK2   BANK3   BANK4   BANK5   BANK6   BANK7
      Params:         0       0       0       0       0       0       0       0       0
      Locals:         0       0       0       0       0       0       0       0       0
      Temps:          0       0       0       0       0       0       0       0       0
      Totals:         0       0       0       0       0       0       0       0       0
Total ram usage:        0 bytes
 Hardware stack levels used:    1
 Hardware stack levels required when called:    5
 This function calls:
		_ADC_Read
		___fldiv
		___flmul
		___xxtofl
 This function is called by:
		_main
 This function uses a non-reentrant model


 *************** function _ADC_Read *****************
 Defined at:
		line 12 in file "ADC.c"
 Parameters:    Size  Location     Type
  channel         2    0[BANK0 ] int 
 Auto vars:     Size  Location     Type
  digital         2    6[BANK0 ] int 
 Return value:  Size  Location     Type
                  2    0[BANK0 ] int 
 Registers used:
		wreg, status,2, status,0
 Tracked objects:
		On entry : 
		On exit  : 
		Unchanged: 
 Data sizes:     COMRAM   BANK0   BANK1   BANK2   BANK3   BANK4   BANK5   BANK6   BANK7
      Params:         0       2       0       0       0       0       0       0       0
      Locals:         0       2       0       0       0       0       0       0       0
      Temps:          0       4       0       0       0       0       0       0       0
      Totals:         0       8       0       0       0       0       0       0       0
Total ram usage:        8 bytes
 Hardware stack levels used:    1
 Hardware stack levels required when called:    4
 This function calls:
		Nothing
 This function is called by:
		_letemp
 This function uses a non-reentrant model


 *************** function _escreveLCD *****************
 Defined at:
		line 131 in file "Proj_Principal.c"
 Parameters:    Size  Location     Type
		None
 Auto vars:     Size  Location     Type
  i               2   44[BANK1 ] int 
  i               2   42[BANK1 ] int 
 Return value:  Size  Location     Type
                  1    wreg      void 
 Registers used:
		wreg, fsr1l, fsr1h, fsr2l, fsr2h, status,2, status,0, tblptrl, tblptrh, tblptru, prodl, prodh, cstack
 Tracked objects:
		On entry : 
		On exit  : 
		Unchanged: 
 Data sizes:     COMRAM   BANK0   BANK1   BANK2   BANK3   BANK4   BANK5   BANK6   BANK7
      Params:         0       0       0       0       0       0       0       0       0
      Locals:         0       0       4       0       0       0       0       0       0
      Temps:          0       0       0       0       0       0       0       0       0
      Totals:         0       0       4       0       0       0       0       0       0
Total ram usage:        4 bytes
 Hardware stack levels used:    1
 Hardware stack levels required when called:   12
 This function calls:
		_LCD_Clear
		_LCD_String_xy
		_MSdelay
		_sprintf
 This function is called by:
		_main
 This function uses a non-reentrant model


 *************** function _sprintf *****************
 Defined at:
		line 9 in file "C:\Program Files (x86)\Microchip\xc8\v2.10\pic\sources\c99\common\nf_sprintf.c"
 Parameters:    Size  Location     Type
  s               2   22[BANK1 ] PTR unsigned char 
		 -> TempInternaIdeal(10), TempExteAtivacao(10), TempExterna(10), TempInterna(10), 
  fmt             2   24[BANK1 ] PTR const unsigned char 
		 -> STR_8(3), STR_7(3), STR_2(5), STR_1(6), 
 Auto vars:     Size  Location     Type
  f               6   36[BANK1 ] struct _IO_FILE
  ap              2   34[BANK1 ] PTR void [1]
		 -> ?_sprintf(2), 
  ret             2    0        int 
 Return value:  Size  Location     Type
                  2   22[BANK1 ] int 
 Registers used:
		wreg, fsr1l, fsr1h, fsr2l, fsr2h, status,2, status,0, tblptrl, tblptrh, tblptru, prodl, prodh, cstack
 Tracked objects:
		On entry : 
		On exit  : 
		Unchanged: 
 Data sizes:     COMRAM   BANK0   BANK1   BANK2   BANK3   BANK4   BANK5   BANK6   BANK7
      Params:         0       0      10       0       0       0       0       0       0
      Locals:         0       0      10       0       0       0       0       0       0
      Temps:          0       0       0       0       0       0       0       0       0
      Totals:         0       0      20       0       0       0       0       0       0
Total ram usage:       20 bytes
 Hardware stack levels used:    1
 Hardware stack levels required when called:   11
 This function calls:
		_vfprintf
 This function is called by:
		_escreveLCD
 This function uses a non-reentrant model


 *************** function _vfprintf *****************
 Defined at:
		line 1368 in file "C:\Program Files (x86)\Microchip\xc8\v2.10\pic\sources\c99\common\doprnt.c"
 Parameters:    Size  Location     Type
  fp              2  153[BANK0 ] PTR struct _IO_FILE
		 -> sprintf@f(6), 
  fmt             2  155[BANK0 ] PTR const unsigned char 
		 -> STR_8(3), STR_7(3), STR_2(5), STR_1(6), 
  ap              2  157[BANK0 ] PTR PTR void 
		 -> sprintf@ap(2), 
 Auto vars:     Size  Location     Type
  cfmt            2   20[BANK1 ] PTR unsigned char 
		 -> STR_8(3), STR_7(3), STR_2(5), STR_1(6), 
 Return value:  Size  Location     Type
                  2  153[BANK0 ] int 
 Registers used:
		wreg, fsr1l, fsr1h, fsr2l, fsr2h, status,2, status,0, tblptrl, tblptrh, tblptru, prodl, prodh, cstack
 Tracked objects:
		On entry : 
		On exit  : 
		Unchanged: 
 Data sizes:     COMRAM   BANK0   BANK1   BANK2   BANK3   BANK4   BANK5   BANK6   BANK7
      Params:         0       6       0       0       0       0       0       0       0
      Locals:         0       0       2       0       0       0       0       0       0
      Temps:          0       0       0       0       0       0       0       0       0
      Totals:         0       6       2       0       0       0       0       0       0
Total ram usage:        8 bytes
 Hardware stack levels used:    1
 Hardware stack levels required when called:   10
 This function calls:
		_vfpfcnvrt
 This function is called by:
		_sprintf
 This function uses a non-reentrant model


 *************** function _vfpfcnvrt *****************
 Defined at:
		line 670 in file "C:\Program Files (x86)\Microchip\xc8\v2.10\pic\sources\c99\common\doprnt.c"
 Parameters:    Size  Location     Type
  fp              2  143[BANK0 ] PTR struct _IO_FILE
		 -> sprintf@f(6), 
  fmt             2  145[BANK0 ] PTR PTR unsigned char 
		 -> vfprintf@cfmt(2), 
  ap              2  147[BANK0 ] PTR PTR void 
		 -> sprintf@ap(2), 
 Auto vars:     Size  Location     Type
  ll              8    0[BANK1 ] long long 
  llu             8    0        unsigned long long 
  f               4   12[BANK1 ] unsigned long long 
  ct              3   16[BANK1 ] unsigned char [3]
  vp              3    0        PTR void 
  cp              3    0        PTR unsigned char 
  i               2    0        int 
  done            2    0        int 
  c               1   19[BANK1 ] unsigned char 
 Return value:  Size  Location     Type
                  2  143[BANK0 ] int 
 Registers used:
		wreg, fsr1l, fsr1h, fsr2l, fsr2h, status,2, status,0, tblptrl, tblptrh, tblptru, prodl, prodh, cstack
 Tracked objects:
		On entry : 
		On exit  : 
		Unchanged: 
 Data sizes:     COMRAM   BANK0   BANK1   BANK2   BANK3   BANK4   BANK5   BANK6   BANK7
      Params:         0       6       0       0       0       0       0       0       0
      Locals:         0       0      20       0       0       0       0       0       0
      Temps:          0       4       0       0       0       0       0       0       0
      Totals:         0      10      20       0       0       0       0       0       0
Total ram usage:       30 bytes
 Hardware stack levels used:    1
 Hardware stack levels required when called:    9
 This function calls:
		_atoi
		_dtoa
		_efgtoa
		_fputc
		_isdigit
		_isupper
		_strncmp
		_tolower
 This function is called by:
		_vfprintf
 This function uses a non-reentrant model


 *************** function _strncmp *****************
 Defined at:
		line 3 in file "C:\Program Files (x86)\Microchip\xc8\v2.10\pic\sources\c99\common\strncmp.c"
 Parameters:    Size  Location     Type
  _l              2    0[BANK0 ] PTR const unsigned char 
		 -> vfpfcnvrt@ct(3), 
  _r              2    2[BANK0 ] PTR const unsigned char 
		 -> STR_23(3), 
  n               2    4[BANK0 ] unsigned int 
 Auto vars:     Size  Location     Type
  r               2    9[BANK0 ] PTR const unsigned char 
		 -> STR_23(3), 
  l               2    7[BANK0 ] PTR const unsigned char 
		 -> vfpfcnvrt@ct(3), 
 Return value:  Size  Location     Type
                  2    0[BANK0 ] int 
 Registers used:
		wreg, fsr2l, fsr2h, status,2, status,0, tblptrl, tblptrh, tblptru
 Tracked objects:
		On entry : 
		On exit  : 
		Unchanged: 
 Data sizes:     COMRAM   BANK0   BANK1   BANK2   BANK3   BANK4   BANK5   BANK6   BANK7
      Params:         0       6       0       0       0       0       0       0       0
      Locals:         0       4       0       0       0       0       0       0       0
      Temps:          0       1       0       0       0       0       0       0       0
      Totals:         0      11       0       0       0       0       0       0       0
Total ram usage:       11 bytes
 Hardware stack levels used:    1
 Hardware stack levels required when called:    4
 This function calls:
		Nothing
 This function is called by:
		_vfpfcnvrt
 This function uses a non-reentrant model


 *************** function _efgtoa *****************
 Defined at:
		line 319 in file "C:\Program Files (x86)\Microchip\xc8\v2.10\pic\sources\c99\common\doprnt.c"
 Parameters:    Size  Location     Type
  fp              2   75[BANK0 ] PTR struct _IO_FILE
		 -> sprintf@f(6), 
  f               4   77[BANK0 ] PTR struct _IO_FILE
  c               1   81[BANK0 ] unsigned char 
 Auto vars:     Size  Location     Type
  u               4  139[BANK0 ] unsigned char 
  g               4  131[BANK0 ] unsigned char 
  l               4  125[BANK0 ] unsigned char 
  h               4  121[BANK0 ] unsigned char 
  ou              4   87[BANK0 ] unsigned char 
  n               2  137[BANK0 ] int 
  e               2  135[BANK0 ] int 
  i               2  129[BANK0 ] int 
  w               2  118[BANK0 ] int 
  p               2  115[BANK0 ] int 
  sign            2  113[BANK0 ] int 
  d               2  111[BANK0 ] int 
  ne              2  109[BANK0 ] int 
  m               2  107[BANK0 ] int 
  pp              2  105[BANK0 ] int 
  t               2  103[BANK0 ] int 
  mode            1  120[BANK0 ] unsigned char 
  nmode           1  117[BANK0 ] unsigned char 
 Return value:  Size  Location     Type
                  2   75[BANK0 ] int 
 Registers used:
		wreg, fsr1l, fsr1h, fsr2l, fsr2h, status,2, status,0, tblptrl, tblptrh, tblptru, prodl, prodh, cstack
 Tracked objects:
		On entry : 
		On exit  : 
		Unchanged: 
 Data sizes:     COMRAM   BANK0   BANK1   BANK2   BANK3   BANK4   BANK5   BANK6   BANK7
      Params:         0       7       0       0       0       0       0       0       0
      Locals:         0      56       0       0       0       0       0       0       0
      Temps:          0       5       0       0       0       0       0       0       0
      Totals:         0      68       0       0       0       0       0       0       0
Total ram usage:       68 bytes
 Hardware stack levels used:    1
 Hardware stack levels required when called:    8
 This function calls:
		___awdiv
		___awmod
		___fladd
		___fldiv
		___fleq
		___flge
		___flmul
		___flneg
		___flsub
		___fltol
		___fpclassifyf
		_floorf
		_isupper
		_pad
		_strcpy
		_tolower
 This function is called by:
		_vfpfcnvrt
 This function uses a non-reentrant model


 *************** function _tolower *****************
 Defined at:
		line 4 in file "C:\Program Files (x86)\Microchip\xc8\v2.10\pic\sources\c99\common\tolower.c"
 Parameters:    Size  Location     Type
  c               2    6[BANK0 ] int 
 Auto vars:     Size  Location     Type
		None
 Return value:  Size  Location     Type
                  2    6[BANK0 ] int 
 Registers used:
		wreg, status,2, status,0
 Tracked objects:
		On entry : 
		On exit  : 
		Unchanged: 
 Data sizes:     COMRAM   BANK0   BANK1   BANK2   BANK3   BANK4   BANK5   BANK6   BANK7
      Params:         0       2       0       0       0       0       0       0       0
      Locals:         0       2       0       0       0       0       0       0       0
      Temps:          0       4       0       0       0       0       0       0       0
      Totals:         0       8       0       0       0       0       0       0       0
Total ram usage:        8 bytes
 Hardware stack levels used:    1
 Hardware stack levels required when called:    5
 This function calls:
		_isupper
 This function is called by:
		_efgtoa
		_vfpfcnvrt
 This function uses a non-reentrant model


 *************** function _isupper *****************
 Defined at:
		line 5 in file "C:\Program Files (x86)\Microchip\xc8\v2.10\pic\sources\c99\common\isupper.c"
 Parameters:    Size  Location     Type
  c               2    0[BANK0 ] int 
 Auto vars:     Size  Location     Type
		None
 Return value:  Size  Location     Type
                  2    0[BANK0 ] int 
 Registers used:
		wreg, status,2, status,0
 Tracked objects:
		On entry : 
		On exit  : 
		Unchanged: 
 Data sizes:     COMRAM   BANK0   BANK1   BANK2   BANK3   BANK4   BANK5   BANK6   BANK7
      Params:         0       2       0       0       0       0       0       0       0
      Locals:         0       0       0       0       0       0       0       0       0
      Temps:          0       4       0       0       0       0       0       0       0
      Totals:         0       6       0       0       0       0       0       0       0
Total ram usage:        6 bytes
 Hardware stack levels used:    1
 Hardware stack levels required when called:    4
 This function calls:
		Nothing
 This function is called by:
		_efgtoa
		_vfpfcnvrt
		_tolower
 This function uses a non-reentrant model


 *************** function _strcpy *****************
 Defined at:
		line 3 in file "C:\Program Files (x86)\Microchip\xc8\v2.10\pic\sources\c99\common\strcpy.c"
 Parameters:    Size  Location     Type
  dest            2    0[BANK0 ] PTR unsigned char 
		 -> dbuf(80), 
  src             2    2[BANK0 ] PTR const unsigned char 
[...]
 This function uses a non-reentrant model


 *************** function i2_isdigit *****************
 Defined at:
		line 5 in file "C:\Program Files (x86)\Microchip\xc8\v2.10\pic\sources\c99\common\isdigit.c"
 Parameters:    Size  Location     Type
  c               2    0[COMRAM] int 
 Auto vars:     Size  Location     Type
		None
 Return value:  Size  Location     Type
                  2    0[COMRAM] int 
 Registers used:
		wreg, status,2, status,0
 Tracked objects:
		On entry : 
		On exit  : 
		Unchanged: 
 Data sizes:     COMRAM   BANK0   BANK1   BANK2   BANK3   BANK4   BANK5   BANK6   BANK7
      Params:         2       0       0       0       0       0       0       0       0
      Locals:         0       0       0       0       0       0       0       0       0
      Temps:          4       0       0       0       0       0       0       0       0
      Totals:         6       0       0       0       0       0       0       0       0
Total ram usage:        6 bytes
 Hardware stack levels used:    1
 This function calls:
		Nothing
 This function is called by:
		i2_atoi
 This function uses a non-reentrant model


 *************** function i2___wmul *****************
 Defined at:
		line 15 in file "C:\Program Files (x86)\Microchip\xc8\v2.10\pic\sources\c99\common\Umul16.c"
 Parameters:    Size  Location     Type
  multiplier      2    0[COMRAM] unsigned int 
  multiplicand    2    2[COMRAM] unsigned int 
 Auto vars:     Size  Location     Type
  __wmul          2    4[COMRAM] unsigned int 
 Return value:  Size  Location     Type
                  2    0[COMRAM] unsigned int 
 Registers used:
		wreg, status,2, status,0, prodl, prodh
 Tracked objects:
		On entry : 
		On exit  : 
		Unchanged: 
 Data sizes:     COMRAM   BANK0   BANK1   BANK2   BANK3   BANK4   BANK5   BANK6   BANK7
      Params:         4       0       0       0       0       0       0       0       0
      Locals:         2       0       0       0       0       0       0       0       0
      Temps:          0       0       0       0       0       0       0       0       0
      Totals:         6       0       0       0       0       0       0       0       0
Total ram usage:        6 bytes
 Hardware stack levels used:    1
 This function calls:
		Nothing
 This function is called by:
		i2_atoi
 This function uses a non-reentrant model


 *************** function _EEPROM_WriteString *****************
 Defined at:
		line 27 in file "EEPROM.c"
 Parameters:    Size  Location     Type
  address         2    3[COMRAM] int 
  data            2    5[COMRAM] PTR unsigned char 
		 -> setatempinterna@valor(3), setatempexterna@valor(3), 
 Auto vars:     Size  Location     Type
		None
 Return value:  Size  Location     Type
                  1    wreg      void 
 Registers used:
		wreg, fsr2l, fsr2h, status,2, status,0, cstack
 Tracked objects:
		On entry : 
		On exit  : 
		Unchanged: 
 Data sizes:     COMRAM   BANK0   BANK1   BANK2   BANK3   BANK4   BANK5   BANK6   BANK7
      Params:         4       0       0       0       0       0       0       0       0
      Locals:         0       0       0       0       0       0       0       0       0
      Temps:          0       0       0       0       0       0       0       0       0
      Totals:         4       0       0       0       0       0       0       0       0
Total ram usage:        4 bytes
 Hardware stack levels used:    1
 Hardware stack levels required when called:    1
 This function calls:
		_EEPROM_Write
 This function is called by:
		_setatempexterna
		_setatempinterna
 This function uses a non-reentrant model


 *************** function _EEPROM_Write *****************
 Defined at:
		line 4 in file "EEPROM.c"
 Parameters:    Size  Location     Type
  address         2    0[COMRAM] int 
  data            1    2[COMRAM] unsigned char 
 Auto vars:     Size  Location     Type
		None
 Return value:  Size  Location     Type
                  1    wreg      void 
 Registers used:
		wreg, status,2
 Tracked objects:
		On entry : 
		On exit  : 
		Unchanged: 
 Data sizes:     COMRAM   BANK0   BANK1   BANK2   BANK3   BANK4   BANK5   BANK6   BANK7
      Params:         3       0       0       0       0       0       0       0       0
      Locals:         0       0       0       0       0       0       0       0       0
      Temps:          0       0       0       0       0       0       0       0       0
      Totals:         3       0       0       0       0       0       0       0       0
Total ram usage:        3 bytes
 Hardware stack levels used:    1
 This function calls:
		Nothing
 This function is called by:
		_EEPROM_WriteString
 This function uses a non-reentrant model


 *************** function _mandatempint *****************
 Defined at:
		line 115 in file "Proj_Principal.c"
 Parameters:    Size  Location     Type
		None
 Auto vars:     Size  Location     Type
		None
 Return value:  Size  Location     Type
                  1    wreg      void 
 Registers used:
		wreg, fsr2l, fsr2h, status,2, status,0, cstack
 Tracked objects:
		On entry : 
		On exit  : 
		Unchanged: 
 Data sizes:     COMRAM   BANK0   BANK1   BANK2   BANK3   BANK4   BANK5   BANK6   BANK7
      Params:         0       0       0       0       0       0       0       0       0
      Locals:         0       0       0       0       0       0       0       0       0
      Temps:          0       0       0       0       0       0       0       0       0
      Totals:         0       0       0       0       0       0       0       0       0
Total ram usage:        0 bytes
 Hardware stack levels used:    1
 Hardware stack levels required when called:    2
 This function calls:
		_USART_SendString
 This function is called by:
		_ISR1
 This function uses a non-reentrant model


 *************** function _mandatempideal *****************
 Defined at:
		line 127 in file "Proj_Principal.c"
 Parameters:    Size  Location     Type
		None
 Auto vars:     Size  Location     Type
		None
 Return value:  Size  Location     Type
                  1    wreg      void 
 Registers used:
		wreg, fsr2l, fsr2h, status,2, status,0, cstack
 Tracked objects:
		On entry : 
		On exit  : 
		Unchanged: 
 Data sizes:     COMRAM   BANK0   BANK1   BANK2   BANK3   BANK4   BANK5   BANK6   BANK7
      Params:         0       0       0       0       0       0       0       0       0
      Locals:         0       0       0       0       0       0       0       0       0
      Temps:          0       0       0       0       0       0       0       0       0
      Totals:         0       0       0       0       0       0       0       0       0
Total ram usage:        0 bytes
 Hardware stack levels used:    1
 Hardware stack levels required when called:    2
 This function calls:
		_USART_SendString
 This function is called by:
		_ISR1
 This function uses a non-reentrant model


 *************** function _mandatempextativ *****************
 Defined at:
		line 123 in file "Proj_Principal.c"
 Parameters:    Size  Location     Type
		None
 Auto vars:     Size  Location     Type
		None
 Return value:  Size  Location     Type
                  1    wreg      void 
 Registers used:
		wreg, fsr2l, fsr2h, status,2, status,0, cstack
 Tracked objects:
		On entry : 
		On exit  : 
		Unchanged: 
 Data sizes:     COMRAM   BANK0   BANK1   BANK2   BANK3   BANK4   BANK5   BANK6   BANK7
      Params:         0       0       0       0       0       0       0       0       0
      Locals:         0       0       0       0       0       0       0       0       0
      Temps:          0       0       0       0       0       0       0       0       0
      Totals:         0       0       0       0       0       0       0       0       0
Total ram usage:        0 bytes
 Hardware stack levels used:    1
 Hardware stack levels required when called:    2
 This function calls:
		_USART_SendString
 This function is called by:
		_ISR1
 This function uses a non-reentrant model


 *************** function _mandatempext *****************
 Defined at:
		line 119 in file "Proj_Principal.c"
 Parameters:    Size  Location     Type
		None
 Auto vars:     Size  Location     Type
		None
 Return value:  Size  Location     Type
                  1    wreg      void 
 Registers used:
		wreg, fsr2l, fsr2h, status,2, status,0, cstack
 Tracked objects:
		On entry : 
		On exit  : 
		Unchanged: 
 Data sizes:     COMRAM   BANK0   BANK1   BANK2   BANK3   BANK4   BANK5   BANK6   BANK7
      Params:         0       0       0       0       0       0       0       0       0
      Locals:         0       0       0       0       0       0       0       0       0
      Temps:          0       0       0       0       0       0       0       0       0
      Totals:         0       0       0       0       0       0       0       0       0
Total ram usage:        0 bytes
 Hardware stack levels used:    1
 Hardware stack levels required when called:    2
 This function calls:
		_USART_SendString
 This function is called by:
		_ISR1
 This function uses a non-reentrant model


 *************** function _USART_SendString *****************
 Defined at:
		line 23 in file "USART.c"
 Parameters:    Size  Location     Type
  out             2    1[COMRAM] PTR const unsigned char 
		 -> TempInternaIdeal(10), TempExteAtivacao(10), TempExterna(10), TempInterna(10), 
 Auto vars:     Size  Location     Type
		None
 Return value:  Size  Location     Type
                  1    wreg      void 
 Registers used:
		wreg, fsr2l, fsr2h, status,2, status,0, cstack
 Tracked objects:
		On entry : 
		On exit  : 
		Unchanged: 
 Data sizes:     COMRAM   BANK0   BANK1   BANK2   BANK3   BANK4   BANK5   BANK6   BANK7
      Params:         2       0       0       0       0       0       0       0       0
      Locals:         0       0       0       0       0       0       0       0       0
      Temps:          0       0       0       0       0       0       0       0       0
      Totals:         2       0       0       0       0       0       0       0       0
Total ram usage:        2 bytes
 Hardware stack levels used:    1
 Hardware stack levels required when called:    1
 This function calls:
		_USART_TxChar
 This function is called by:
		_mandatempint
		_mandatempext
		_mandatempextativ
		_mandatempideal
 This function uses a non-reentrant model


 *************** function _USART_TxChar *****************
 Defined at:
		line 18 in file "USART.c"
 Parameters:    Size  Location     Type
  out             1    wreg     unsigned char 
 Auto vars:     Size  Location     Type
  out             1    0[COMRAM] unsigned char 
 Return value:  Size  Location     Type
                  1    wreg      void 
 Registers used:
		wreg
 Tracked objects:
		On entry : 
		On exit  : 
		Unchanged: 
 Data sizes:     COMRAM   BANK0   BANK1   BANK2   BANK3   BANK4   BANK5   BANK6   BANK7
      Params:         0       0       0       0       0       0       0       0       0
      Locals:         1       0       0       0       0       0       0       0       0
      Temps:          0       0       0       0       0       0       0       0       0
      Totals:         1       0       0       0       0       0       0       0       0
Total ram usage:        1 bytes
 Hardware stack levels used:    1
 This function calls:
		Nothing
 This function is called by:
		_USART_SendString
 This function uses a non-reentrant model



MODULE INFORMATION

Module		Function		Class		Link	Load	Size
USART.c
		_USART_TxChar  		CODE           	4B6E	0000	23
		_USART_SendString		CODE           	4A70	0000	49
		_USART_Init    		CODE           	41E8	0000	165

USART.c estimated size: 237

C:\Program Files (x86)\Microchip\xc8\v2.10\pic\sources\c99\common\floorf.c
		_floorf        		CODE           	2ADE	0000	535

C:\Program Files (x86)\Microchip\xc8\v2.10\pic\sources\c99\common\floorf.c estimated size: 535

C:\Program Files (x86)\Microchip\xc8\v2.10\pic\sources\c99\common\atoi.c
		_atoi          		CODE           	2CF4	0000	519

C:\Program Files (x86)\Microchip\xc8\v2.10\pic\sources\c99\common\atoi.c estimated size: 519

C:\Program Files (x86)\Microchip\xc8\v2.10\pic\sources\c99\common\fleq.c
		___fleq        		CODE           	4094	0000	173

C:\Program Files (x86)\Microchip\xc8\v2.10\pic\sources\c99\common\fleq.c estimated size: 173

C:\Program Files (x86)\Microchip\xc8\v2.10\pic\sources\c99\common\aodiv.c
		___aodiv       		CODE           	32AA	0000	395

C:\Program Files (x86)\Microchip\xc8\v2.10\pic\sources\c99\common\aodiv.c estimated size: 395

C:\Program Files (x86)\Microchip\xc8\v2.10\pic\sources\c99\common\xxtofl.c
		___xxtofl      		CODE           	30F2	0000	441

C:\Program Files (x86)\Microchip\xc8\v2.10\pic\sources\c99\common\xxtofl.c estimated size: 441

C:\Program Files (x86)\Microchip\xc8\v2.10\pic\sources\c99\common\awdiv.c
		___awdiv       		CODE           	3E58	0000	199

C:\Program Files (x86)\Microchip\xc8\v2.10\pic\sources\c99\common\awdiv.c estimated size: 199

C:\Program Files (x86)\Microchip\xc8\v2.10\pic\sources\c99\common\isspace.c
		_isspace       		CODE           	46CC	0000	85

C:\Program Files (x86)\Microchip\xc8\v2.10\pic\sources\c99\common\isspace.c estimated size: 85

C:\Program Files (x86)\Microchip\xc8\v2.10\pic\sources\c99\common\strlen.c
		_strlen        		CODE           	49C4	0000	59

C:\Program Files (x86)\Microchip\xc8\v2.10\pic\sources\c99\common\strlen.c estimated size: 59

C:\Program Files (x86)\Microchip\xc8\v2.10\pic\sources\c99\common\fltol.c
		___fltol       		CODE           	37E4	0000	265

C:\Program Files (x86)\Microchip\xc8\v2.10\pic\sources\c99\common\fltol.c estimated size: 265

C:\Program Files (x86)\Microchip\xc8\v2.10\pic\sources\c99\common\strcpy.c
		_strcpy        		CODE           	45BE	0000	95

C:\Program Files (x86)\Microchip\xc8\v2.10\pic\sources\c99\common\strcpy.c estimated size: 95

C:\Program Files (x86)\Microchip\xc8\v2.10\pic\sources\c99\common\strncmp.c
		_strncmp       		CODE           	3BEC	0000	217

C:\Program Files (x86)\Microchip\xc8\v2.10\pic\sources\c99\common\strncmp.c estimated size: 217

C:\Program Files (x86)\Microchip\xc8\v2.10\pic\sources\c99\common\tolower.c
		_tolower       		CODE           	443E	0000	99

C:\Program Files (x86)\Microchip\xc8\v2.10\pic\sources\c99\common\tolower.c estimated size: 99

C:\Program Files (x86)\Microchip\xc8\v2.10\pic\sources\c99\common\sprcmul.c
		___flmul       		CODE           	1E1C	0000	1069

C:\Program Files (x86)\Microchip\xc8\v2.10\pic\sources\c99\common\sprcmul.c estimated size: 1069

C:\Program Files (x86)\Microchip\xc8\v2.10\pic\sources\c99\common\sprcdiv.c
		___fldiv       		CODE           	2248	0000	925

C:\Program Files (x86)\Microchip\xc8\v2.10\pic\sources\c99\common\sprcdiv.c estimated size: 925

Proj_Principal.c
		_mandatempideal		CODE           	4BB4	0000	15
		_compTemp      		CODE           	36C4	0000	289
		_setatempinterna		CODE           	428C	0000	115
		_setatempexterna		CODE           	42FE	0000	115
		_escreveLCD    		CODE           	28C8	0000	535
		_main          		CODE           	461C	0000	93
		_letemp        		CODE           	359A	0000	299
		_ISR1          		CODE           	0008	0000	257
		_carregaTempIdeal		CODE           	4370	0000	109
		_TempExternaMinima		CODE           	3F1E	0000	197
		_mandatempint  		CODE           	4BA6	0000	15
		_mandatempext  		CODE           	4BD0	0000	15
		_carregaTempExterna		CODE           	4500	0000	97
		_mandatempextativ		CODE           	4BC2	0000	15

Proj_Principal.c estimated size: 2166

C:\Program Files (x86)\Microchip\xc8\v2.10\pic\sources\c99\common\doprnt.c
		_vfpfcnvrt     		CODE           	1414	0000	1351
		_efgtoa        		CODE           	0856	0000	3007
		_pad           		CODE           	3D90	0000	201
		_dtoa          		CODE           	25E4	0000	741
		_vfprintf      		CODE           	43DC	0000	99

C:\Program Files (x86)\Microchip\xc8\v2.10\pic\sources\c99\common\doprnt.c estimated size: 5399

C:\Program Files (x86)\Microchip\xc8\v2.10\pic\sources\c99\common\nf_fputs.c
		_fputs         		CODE           	4806	0000	73

C:\Program Files (x86)\Microchip\xc8\v2.10\pic\sources\c99\common\nf_fputs.c estimated size: 73

C:\Program Files (x86)\Microchip\xc8\v2.10\pic\sources\c99\common\flge.c
		___flge        		CODE           	38EC	0000	263

C:\Program Files (x86)\Microchip\xc8\v2.10\pic\sources\c99\common\flge.c estimated size: 263

LCD_16x2.c
		_LCD_String    		CODE           	44A0	0000	97
		_LCD_Init      		CODE           	48D4	0000	63
		_LCD_Command   		CODE           	4B3A	0000	31
		_LCD_String_xy 		CODE           	484E	0000	69
		_LCD_Char      		CODE           	4B1C	0000	31
		_LCD_Clear     		CODE           	4B58	0000	23
		_MSdelay       		CODE           	4772	0000	77

LCD_16x2.c estimated size: 391

EEPROM.c
		_EEPROM_Read   		CODE           	4B98	0000	15
		_EEPROM_Write  		CODE           	4AA0	0000	47
		_EEPROM_WriteString		CODE           	4912	0000	63

EEPROM.c estimated size: 125

C:\Program Files (x86)\Microchip\xc8\v2.10\pic\sources\c99\common\flneg.c
		___flneg       		CODE           	498A	0000	59

C:\Program Files (x86)\Microchip\xc8\v2.10\pic\sources\c99\common\flneg.c estimated size: 59

shared
		i2_atoi        		CODE           	2EFA	0000	505
		i2_isspace     		CODE           	4720	0000	83
		i2_isdigit     		CODE           	4A38	0000	57
		i2___wmul      		CODE           	4AF6	0000	39
		__initialization		CODE           	4560	0000	81

shared estimated size: 765

C:\Program Files (x86)\Microchip\xc8\v2.10\pic\sources\c99\common\putch.c
		_putch         		CODE           	4BE4	0000	3

C:\Program Files (x86)\Microchip\xc8\v2.10\pic\sources\c99\common\putch.c estimated size: 3

ADC.c
		_ADC_Read      		CODE           	4140	0000	169
		_ADC_Init      		CODE           	4B84	0000	21

ADC.c estimated size: 190

C:\Program Files (x86)\Microchip\xc8\v2.10\pic\sources\c99\common\isdigit.c
		_isdigit       		CODE           	49FE	0000	59

C:\Program Files (x86)\Microchip\xc8\v2.10\pic\sources\c99\common\isdigit.c estimated size: 59

C:\Program Files (x86)\Microchip\xc8\v2.10\pic\sources\c99\common\sprcadd.c
		___flsub       		CODE           	47BE	0000	73
		___fladd       		CODE           	195A	0000	1219

C:\Program Files (x86)\Microchip\xc8\v2.10\pic\sources\c99\common\sprcadd.c estimated size: 1292

C:\Program Files (x86)\Microchip\xc8\v2.10\pic\sources\c99\common\aomod.c
		___aomod       		CODE           	3434	0000	359

C:\Program Files (x86)\Microchip\xc8\v2.10\pic\sources\c99\common\aomod.c estimated size: 359

C:\Program Files (x86)\Microchip\xc8\v2.10\pic\sources\c99\common\abs.c
		_abs           		CODE           	4892	0000	67

C:\Program Files (x86)\Microchip\xc8\v2.10\pic\sources\c99\common\abs.c estimated size: 67

C:\Program Files (x86)\Microchip\xc8\v2.10\pic\sources\c99\common\nf_sprintf.c
		_sprintf       		CODE           	4678	0000	85

C:\Program Files (x86)\Microchip\xc8\v2.10\pic\sources\c99\common\nf_sprintf.c estimated size: 85

C:\Program Files (x86)\Microchip\xc8\v2.10\pic\sources\c99\common\Umul16.c
		___wmul        		CODE           	4ACE	0000	41

C:\Program Files (x86)\Microchip\xc8\v2.10\pic\sources\c99\common\Umul16.c estimated size: 41

C:\Program Files (x86)\Microchip\xc8\v2.10\pic\sources\c99\common\awmod.c
		___awmod       		CODE           	3FE2	0000	179

C:\Program Files (x86)\Microchip\xc8\v2.10\pic\sources\c99\common\awmod.c estimated size: 179

C:\Program Files (x86)\Microchip\xc8\v2.10\pic\sources\c99\common\isupper.c
		_isupper       		CODE           	4950	0000	59

C:\Program Files (x86)\Microchip\xc8\v2.10\pic\sources\c99\common\isupper.c estimated size: 59

C:\Program Files (x86)\Microchip\xc8\v2.10\pic\sources\c99\common\__fpclassifyf.c
		___fpclassifyf 		CODE           	39F2	0000	257

C:\Program Files (x86)\Microchip\xc8\v2.10\pic\sources\c99\common\__fpclassifyf.c estimated size: 257

C:\Program Files (x86)\Microchip\xc8\v2.10\pic\sources\c99\common\nf_fputc.c
		_fputc         		CODE           	3CC4	0000	205

C:\Program Files (x86)\Microchip\xc8\v2.10\pic\sources\c99\common\nf_fputc.c estimated size: 205

